=== Stellar Elite Bolivia / Semana 4 ===
Network: testnet
Contract: CBT75AY5COBHQGV7VWZFWZTMD5M4FDMIJ2BEDVNAEY2KLFOUIEEORQ5Z
Investor: GAI5M4SMDMQD3X6WFHNPSP2YUAFO5BSLOAQOQXWBIDPUT3SSRMBILZTL
RWA balance before: 0
=== INVEST 100: expected AmountTooLow (Contract #7) ===
❌ error: transaction simulation failed: HostError: Error(Contract, #7)

Event log (newest first):
   0: [Diagnostic Event] contract:CBT75AY5COBHQGV7VWZFWZTMD5M4FDMIJ2BEDVNAEY2KLFOUIEEORQ5Z, topics:[error, Error(Contract, #7)], data:"escalating error to VM trap from failed host function call: fail_with_error"
   1: [Diagnostic Event] contract:CBT75AY5COBHQGV7VWZFWZTMD5M4FDMIJ2BEDVNAEY2KLFOUIEEORQ5Z, topics:[error, Error(Contract, #7)], data:["failing with contract error", 7]
   2: [Diagnostic Event] topics:[fn_call, CBT75AY5COBHQGV7VWZFWZTMD5M4FDMIJ2BEDVNAEY2KLFOUIEEORQ5Z, invest], data:[GAI5M4SMDMQD3X6WFHNPSP2YUAFO5BSLOAQOQXWBIDPUT3SSRMBILZTL, 100]
PASS: 100 rejected by AmountTooLow; CLI exit status 1
The CLI rejects this during simulation; no failed transaction is submitted.
RWA balance after rejection: 0 (unchanged)
=== INVEST 500: expected success ===
ℹ️  Simulating transaction…
ℹ️  Signing transaction: c4b2cc0a71b6574dcfa6af85da1818839626a7200098df29d055ce98f5dfec3e
🌎 Sending transaction…
✅ Transaction submitted successfully!
🔗 https://stellar.expert/explorer/testnet/tx/c4b2cc0a71b6574dcfa6af85da1818839626a7200098df29d055ce98f5dfec3e
📅 CDLZFC3SYJYDZT7K67VZ75HPJVIEUVNIXF47ZG2FB2RMQQVU2HHGCYSC - Success - Event: [{"symbol":"transfer"},{"address":"GAI5M4SMDMQD3X6WFHNPSP2YUAFO5BSLOAQOQXWBIDPUT3SSRMBILZTL"},{"address":"CBT75AY5COBHQGV7VWZFWZTMD5M4FDMIJ2BEDVNAEY2KLFOUIEEORQ5Z"},{"string":"native"}] = {"i128":"500"}
📅 CBT75AY5COBHQGV7VWZFWZTMD5M4FDMIJ2BEDVNAEY2KLFOUIEEORQ5Z - Success - Event: [{"symbol":"invest"}] = {"vec":[{"address":"GAI5M4SMDMQD3X6WFHNPSP2YUAFO5BSLOAQOQXWBIDPUT3SSRMBILZTL"},{"i128":"500"},{"i128":"5"}]}
RWA minted: 5
=== BALANCE ===
RWA balance after successful investment: 5
PASS: 100 rejected / 500 accepted / balance increased by 5 RWA
